
[36m ═[0m[42m[32m[0m[42m[30m  shell [0m[45m[32m[0m[45m[30m alice@contoso-devbox [0m[104m[35m[0m[104m[30m ﴃ Subscription MVP (Global) [0m[106m[94m[0m[106m[30m 󰟓 1.26.5 [0m[43m[96m[0m[43m[30m Monday [38;2;255;255;255mat[30m 6:08 AM [0m[46m[33m[0m[46m[30m 0ms [0m[36m[0m                                                                                              [35m[0m[45m[30mnext ↑21  ?1 ~15 -124[0m[35m[0m
[36m ╚[0m[34m[0m[44m[30m  [0m[44m[34m[0m[44m[30m ~/dev/oh-my-posh [0m[44m[34m[0m[44m[37m⠀[0m[34m[0m]0;oh-my-posh 